Using bundled ffmpeg: /opt/hostedtoolcache/Python/3.12.14/x64/lib/python3.12/site-packages/imageio_ffmpeg/binaries/ffmpeg-linux-x86_64-v7.0.2
01 Narrateur -> narrateur-vif (fr-FR-RemyMultilingualNeural, +8%, +14Hz)
02 Narrateur -> narrateur-vif (fr-FR-RemyMultilingualNeural, +8%, +14Hz)
03 Narrateur -> narrateur-vif (fr-FR-RemyMultilingualNeural, +8%, +14Hz)
04 Durand Laxart -> homme-age-sage (fr-FR-HenriNeural, -10%, -18Hz)
05 Jeanne -> messagere-adulte-vivienne (fr-FR-VivienneMultilingualNeural, +8%, +10Hz)
06 Durand Laxart -> homme-age-sage (fr-FR-HenriNeural, -10%, -18Hz)
07 Jeanne -> messagere-adulte-vivienne (fr-FR-VivienneMultilingualNeural, +8%, +10Hz)
08 Durand Laxart -> homme-age-sage (fr-FR-HenriNeural, -10%, -18Hz)
09 Jeanne -> messagere-adulte-vivienne (fr-FR-VivienneMultilingualNeural, +8%, +10Hz)
10 Narrateur -> narrateur-vif (fr-FR-RemyMultilingualNeural, +8%, +14Hz)
11 Narrateur -> narrateur-vif (fr-FR-RemyMultilingualNeural, +8%, +14Hz)
12 Robert de Baudricourt -> officier-autorite (fr-FR-RemyMultilingualNeural, -10%, -24Hz)
13 Jeanne -> messagere-adulte-vivienne (fr-FR-VivienneMultilingualNeural, +8%, +10Hz)
14 Robert de Baudricourt -> officier-autorite (fr-FR-RemyMultilingualNeural, -10%, -24Hz)
15 Jeanne -> messagere-adulte-vivienne (fr-FR-VivienneMultilingualNeural, +8%, +10Hz)
16 Robert de Baudricourt -> officier-autorite (fr-FR-RemyMultilingualNeural, -10%, -24Hz)
17 Jeanne -> messagere-adulte-vivienne (fr-FR-VivienneMultilingualNeural, +8%, +10Hz)
18 Robert de Baudricourt -> officier-autorite (fr-FR-RemyMultilingualNeural, -10%, -24Hz)
19 Jeanne -> messagere-adulte-vivienne (fr-FR-VivienneMultilingualNeural, +8%, +10Hz)
20 Robert de Baudricourt -> officier-autorite (fr-FR-RemyMultilingualNeural, -10%, -24Hz)
21 Narrateur -> narrateur-vif (fr-FR-RemyMultilingualNeural, +8%, +14Hz)
22 Narrateur -> narrateur-vif (fr-FR-RemyMultilingualNeural, +8%, +14Hz)
23 Catherine Le Royer -> conteuse-chaleureuse (fr-FR-VivienneMultilingualNeural, -3%, +0Hz)
24 Jeanne -> messagere-adulte-vivienne (fr-FR-VivienneMultilingualNeural, +8%, +10Hz)
25 Catherine Le Royer -> conteuse-chaleureuse (fr-FR-VivienneMultilingualNeural, -3%, +0Hz)
26 Jeanne -> messagere-adulte-vivienne (fr-FR-VivienneMultilingualNeural, +8%, +10Hz)
27 Narrateur -> narrateur-vif (fr-FR-RemyMultilingualNeural, +8%, +14Hz)
28 Jean de Metz -> soldat-jovial (fr-FR-HenriNeural, +11%, -4Hz)
29 Jeanne -> messagere-adulte-vivienne (fr-FR-VivienneMultilingualNeural, +8%, +10Hz)
30 Jean de Metz -> soldat-jovial (fr-FR-HenriNeural, +11%, -4Hz)
31 Jeanne -> messagere-adulte-vivienne (fr-FR-VivienneMultilingualNeural, +8%, +10Hz)
32 Jean de Metz -> soldat-jovial (fr-FR-HenriNeural, +11%, -4Hz)
33 Jeanne -> messagere-adulte-vivienne (fr-FR-VivienneMultilingualNeural, +8%, +10Hz)
34 Jean de Metz -> soldat-jovial (fr-FR-HenriNeural, +11%, -4Hz)
35 Jeanne -> messagere-adulte-vivienne (fr-FR-VivienneMultilingualNeural, +8%, +10Hz)
36 Jean de Metz -> soldat-jovial (fr-FR-HenriNeural, +11%, -4Hz)
37 Jeanne -> messagere-adulte-vivienne (fr-FR-VivienneMultilingualNeural, +8%, +10Hz)
38 Jean de Metz -> soldat-jovial (fr-FR-HenriNeural, +11%, -4Hz)
39 Jeanne -> messagere-adulte-vivienne (fr-FR-VivienneMultilingualNeural, +8%, +10Hz)
40 Narrateur -> narrateur-vif (fr-FR-RemyMultilingualNeural, +8%, +14Hz)
41 Narrateur -> narrateur-vif (fr-FR-RemyMultilingualNeural, +8%, +14Hz)
42 Un prêtre de Vaucouleurs — scène reconstruite -> erudit-solennel (fr-FR-RemyMultilingualNeural, -5%, -12Hz)
43 Jeanne -> messagere-adulte-vivienne (fr-FR-VivienneMultilingualNeural, +8%, +10Hz)
44 Un prêtre de Vaucouleurs — scène reconstruite -> erudit-solennel (fr-FR-RemyMultilingualNeural, -5%, -12Hz)
45 Jeanne -> messagere-adulte-vivienne (fr-FR-VivienneMultilingualNeural, +8%, +10Hz)
46 Un prêtre de Vaucouleurs — scène reconstruite -> erudit-solennel (fr-FR-RemyMultilingualNeural, -5%, -12Hz)
47 Jeanne -> messagere-adulte-vivienne (fr-FR-VivienneMultilingualNeural, +8%, +10Hz)
48 Narrateur -> narrateur-vif (fr-FR-RemyMultilingualNeural, +8%, +14Hz)
49 Narrateur -> narrateur-vif (fr-FR-RemyMultilingualNeural, +8%, +14Hz)
50 Robert de Baudricourt -> officier-autorite (fr-FR-RemyMultilingualNeural, -10%, -24Hz)
51 Jean de Metz -> soldat-jovial (fr-FR-HenriNeural, +11%, -4Hz)
52 Robert de Baudricourt -> officier-autorite (fr-FR-RemyMultilingualNeural, -10%, -24Hz)
53 Jeanne -> messagere-adulte-vivienne (fr-FR-VivienneMultilingualNeural, +8%, +10Hz)
54 Robert de Baudricourt -> officier-autorite (fr-FR-RemyMultilingualNeural, -10%, -24Hz)
55 Jeanne -> messagere-adulte-vivienne (fr-FR-VivienneMultilingualNeural, +8%, +10Hz)
56 Narrateur -> narrateur-vif (fr-FR-RemyMultilingualNeural, +8%, +14Hz)
57 Narrateur -> narrateur-vif (fr-FR-RemyMultilingualNeural, +8%, +14Hz)
58 Bertrand de Poulengy -> marin-bourru (fr-FR-HenriNeural, +4%, -14Hz)
59 Jean de Metz -> soldat-jovial (fr-FR-HenriNeural, +11%, -4Hz)
60 Jeanne -> messagere-adulte-vivienne (fr-FR-VivienneMultilingualNeural, +8%, +10Hz)
61 Bertrand de Poulengy -> marin-bourru (fr-FR-HenriNeural, +4%, -14Hz)
62 Narrateur -> narrateur-vif (fr-FR-RemyMultilingualNeural, +8%, +14Hz)
63 Une sentinelle — scène reconstruite -> sentinelle-nerveuse (fr-FR-HenriNeural, +22%, +12Hz)
64 Colet de Vienne -> notable-hautain (fr-FR-RemyMultilingualNeural, -2%, -6Hz)
65 Une sentinelle — scène reconstruite -> sentinelle-nerveuse (fr-FR-HenriNeural, +22%, +12Hz)
66 Colet de Vienne -> notable-hautain (fr-FR-RemyMultilingualNeural, -2%, -6Hz)
67 Une sentinelle — scène reconstruite -> sentinelle-nerveuse (fr-FR-HenriNeural, +22%, +12Hz)
68 Jeanne -> messagere-adulte-vivienne (fr-FR-VivienneMultilingualNeural, +8%, +10Hz)
69 Une sentinelle — scène reconstruite -> sentinelle-nerveuse (fr-FR-HenriNeural, +22%, +12Hz)
70 Narrateur -> narrateur-vif (fr-FR-RemyMultilingualNeural, +8%, +14Hz)
71 Narrateur -> narrateur-vif (fr-FR-RemyMultilingualNeural, +8%, +14Hz)
72 Colet de Vienne -> notable-hautain (fr-FR-RemyMultilingualNeural, -2%, -6Hz)
73 Jeanne -> messagere-adulte-vivienne (fr-FR-VivienneMultilingualNeural, +8%, +10Hz)
74 Colet de Vienne -> notable-hautain (fr-FR-RemyMultilingualNeural, -2%, -6Hz)
75 Jeanne -> messagere-adulte-vivienne (fr-FR-VivienneMultilingualNeural, +8%, +10Hz)
76 Colet de Vienne -> notable-hautain (fr-FR-RemyMultilingualNeural, -2%, -6Hz)
77 Jeanne -> messagere-adulte-vivienne (fr-FR-VivienneMultilingualNeural, +8%, +10Hz)
78 Narrateur -> narrateur-vif (fr-FR-RemyMultilingualNeural, +8%, +14Hz)
79 Narrateur -> narrateur-vif (fr-FR-RemyMultilingualNeural, +8%, +14Hz)
80 Un conseiller du prince — scène reconstruite -> erudit-solennel (fr-FR-RemyMultilingualNeural, -5%, -12Hz)
81 Jeanne -> messagere-adulte-vivienne (fr-FR-VivienneMultilingualNeural, +8%, +10Hz)
82 Un conseiller du prince — scène reconstruite -> erudit-solennel (fr-FR-RemyMultilingualNeural, -5%, -12Hz)
83 Jeanne -> messagere-adulte-vivienne (fr-FR-VivienneMultilingualNeural, +8%, +10Hz)
84 Un conseiller du prince — scène reconstruite -> erudit-solennel (fr-FR-RemyMultilingualNeural, -5%, -12Hz)
85 Jeanne -> messagere-adulte-vivienne (fr-FR-VivienneMultilingualNeural, +8%, +10Hz)
86 Un conseiller du prince — scène reconstruite -> erudit-solennel (fr-FR-RemyMultilingualNeural, -5%, -12Hz)
87 Jeanne -> messagere-adulte-vivienne (fr-FR-VivienneMultilingualNeural, +8%, +10Hz)
88 Narrateur -> narrateur-vif (fr-FR-RemyMultilingualNeural, +8%, +14Hz)
89 Narrateur -> narrateur-vif (fr-FR-RemyMultilingualNeural, +8%, +14Hz)
90 Un huissier de la cour — scène reconstruite -> crieur-public (fr-FR-HenriNeural, +14%, +10Hz)
91 Narrateur -> narrateur-vif (fr-FR-RemyMultilingualNeural, +8%, +14Hz)
92 Jeanne -> messagere-adulte-vivienne (fr-FR-VivienneMultilingualNeural, +8%, +10Hz)
93 Charles, Dauphin puis Charles VII -> notable-hautain (fr-FR-RemyMultilingualNeural, -2%, -6Hz)
94 Jeanne -> messagere-adulte-vivienne (fr-FR-VivienneMultilingualNeural, +8%, +10Hz)
95 Charles, Dauphin puis Charles VII -> notable-hautain (fr-FR-RemyMultilingualNeural, -2%, -6Hz)
96 Jeanne -> messagere-adulte-vivienne (fr-FR-VivienneMultilingualNeural, +8%, +10Hz)
97 Charles, Dauphin puis Charles VII -> notable-hautain (fr-FR-RemyMultilingualNeural, -2%, -6Hz)
98 Jeanne -> messagere-adulte-vivienne (fr-FR-VivienneMultilingualNeural, +8%, +10Hz)
99 Charles, Dauphin puis Charles VII -> notable-hautain (fr-FR-RemyMultilingualNeural, -2%, -6Hz)
100 Jeanne -> messagere-adulte-vivienne (fr-FR-VivienneMultilingualNeural, +8%, +10Hz)
101 Charles, Dauphin puis Charles VII -> notable-hautain (fr-FR-RemyMultilingualNeural, -2%, -6Hz)
102 Jeanne -> messagere-adulte-vivienne (fr-FR-VivienneMultilingualNeural, +8%, +10Hz)
103 Charles, Dauphin puis Charles VII -> notable-hautain (fr-FR-RemyMultilingualNeural, -2%, -6Hz)
104 Jeanne -> messagere-adulte-vivienne (fr-FR-VivienneMultilingualNeural, +8%, +10Hz)
105 Narrateur -> narrateur-vif (fr-FR-RemyMultilingualNeural, +8%, +14Hz)
106 Charles, Dauphin puis Charles VII -> notable-hautain (fr-FR-RemyMultilingualNeural, -2%, -6Hz)
107 Jeanne -> messagere-adulte-vivienne (fr-FR-VivienneMultilingualNeural, +8%, +10Hz)
108 Narrateur -> narrateur-vif (fr-FR-RemyMultilingualNeural, +8%, +14Hz)
109 Narrateur -> narrateur-vif (fr-FR-RemyMultilingualNeural, +8%, +14Hz)
110 Narrateur -> narrateur-vif (fr-FR-RemyMultilingualNeural, +8%, +14Hz)
111 Narrateur -> narrateur-vif (fr-FR-RemyMultilingualNeural, +8%, +14Hz)
Rendered audio/guides/jeanne-vers-le-roi-ep01/guide.mp3
