Using bundled ffmpeg: /opt/hostedtoolcache/Python/3.12.14/x64/lib/python3.12/site-packages/imageio_ffmpeg/binaries/ffmpeg-linux-x86_64-v7.0.2
01 Narrateur -> narrateur-vif (fr-FR-RemyMultilingualNeural, +8%, +14Hz)
02 Décret du 27 novembre 1790 — formule du serment -> aristocrate-distante (fr-FR-VivienneMultilingualNeural, -8%, +8Hz)
03 Narrateur -> narrateur-vif (fr-FR-RemyMultilingualNeural, +8%, +14Hz)
04 Narrateur -> narrateur-vif (fr-FR-RemyMultilingualNeural, +8%, +14Hz)
05 Narrateur -> narrateur-vif (fr-FR-RemyMultilingualNeural, +8%, +14Hz)
06 Narrateur -> narrateur-vif (fr-FR-RemyMultilingualNeural, +8%, +14Hz)
07 Narrateur -> narrateur-vif (fr-FR-RemyMultilingualNeural, +8%, +14Hz)
08 Narrateur -> narrateur-vif (fr-FR-RemyMultilingualNeural, +8%, +14Hz)
09 Narrateur -> narrateur-vif (fr-FR-RemyMultilingualNeural, +8%, +14Hz)
10 Narrateur -> narrateur-vif (fr-FR-RemyMultilingualNeural, +8%, +14Hz)
11 Jean-Paul Rabaut Saint-Étienne — discours sur la liberté religieuse, 1789 -> notable-hautain (fr-FR-RemyMultilingualNeural, -2%, -6Hz)
12 Narrateur -> narrateur-vif (fr-FR-RemyMultilingualNeural, +8%, +14Hz)
13 Narrateur -> narrateur-vif (fr-FR-RemyMultilingualNeural, +8%, +14Hz)
14 Narrateur -> narrateur-vif (fr-FR-RemyMultilingualNeural, +8%, +14Hz)
15 Narrateur -> narrateur-vif (fr-FR-RemyMultilingualNeural, +8%, +14Hz)
16 Narrateur -> narrateur-vif (fr-FR-RemyMultilingualNeural, +8%, +14Hz)
17 Narrateur -> narrateur-vif (fr-FR-RemyMultilingualNeural, +8%, +14Hz)
18 Narrateur -> narrateur-vif (fr-FR-RemyMultilingualNeural, +8%, +14Hz)
Rendered audio/guides/vendee-revolution-ep02-v4/guide.mp3
