Get:1 file:/etc/apt/apt-mirrors.txt Mirrorlist [144 B]
Hit:6 https://packages.microsoft.com/repos/azure-cli noble InRelease
Get:7 https://packages.microsoft.com/ubuntu/24.04/prod noble InRelease [3600 B]
Get:8 https://dl.google.com/linux/chrome-stable/deb stable InRelease [2548 B]
Get:9 https://packages.microsoft.com/ubuntu/24.04/prod noble/main arm64 Packages [315 kB]
Get:10 https://packages.microsoft.com/ubuntu/24.04/prod noble/main amd64 Packages [357 kB]
Get:11 https://dl.google.com/linux/chrome-stable/deb stable/main amd64 Packages [1414 B]
Ign:2 http://azure.archive.ubuntu.com/ubuntu noble InRelease
Ign:3 http://azure.archive.ubuntu.com/ubuntu noble-updates InRelease
Ign:4 http://azure.archive.ubuntu.com/ubuntu noble-backports InRelease
Ign:5 http://azure.archive.ubuntu.com/ubuntu noble-security InRelease
Ign:2 http://azure.archive.ubuntu.com/ubuntu noble InRelease
Ign:3 http://azure.archive.ubuntu.com/ubuntu noble-updates InRelease
Ign:4 http://azure.archive.ubuntu.com/ubuntu noble-backports InRelease
Ign:5 http://azure.archive.ubuntu.com/ubuntu noble-security InRelease
Ign:2 http://azure.archive.ubuntu.com/ubuntu noble InRelease
Ign:3 http://azure.archive.ubuntu.com/ubuntu noble-updates InRelease
Ign:4 http://azure.archive.ubuntu.com/ubuntu noble-backports InRelease
Ign:5 http://azure.archive.ubuntu.com/ubuntu noble-security InRelease
Ign:2 http://azure.archive.ubuntu.com/ubuntu noble InRelease
Ign:3 http://azure.archive.ubuntu.com/ubuntu noble-updates InRelease
Ign:4 http://azure.archive.ubuntu.com/ubuntu noble-backports InRelease
Ign:5 http://azure.archive.ubuntu.com/ubuntu noble-security InRelease
Hit:2 https://archive.ubuntu.com/ubuntu noble InRelease
Get:3 https://archive.ubuntu.com/ubuntu noble-updates InRelease [126 kB]
Ign:12 http://azure.archive.ubuntu.com/ubuntu noble-updates/main amd64 Packages
Ign:13 http://azure.archive.ubuntu.com/ubuntu noble-updates/main Translation-en
Ign:14 http://azure.archive.ubuntu.com/ubuntu noble-updates/main amd64 Components
Ign:15 http://azure.archive.ubuntu.com/ubuntu noble-updates/universe amd64 Packages
Ign:16 http://azure.archive.ubuntu.com/ubuntu noble-updates/universe Translation-en
Ign:17 http://azure.archive.ubuntu.com/ubuntu noble-updates/universe amd64 Components
Ign:18 http://azure.archive.ubuntu.com/ubuntu noble-updates/restricted amd64 Packages
Ign:19 http://azure.archive.ubuntu.com/ubuntu noble-updates/restricted Translation-en
Ign:20 http://azure.archive.ubuntu.com/ubuntu noble-updates/multiverse amd64 Components
Get:4 https://archive.ubuntu.com/ubuntu noble-backports InRelease [126 kB]
Get:5 https://archive.ubuntu.com/ubuntu noble-security InRelease [126 kB]
Collecting edge-tts==7.2.8
  Downloading edge_tts-7.2.8-py3-none-any.whl.metadata (5.5 kB)
Collecting pydub==0.25.1
  Downloading pydub-0.25.1-py2.py3-none-any.whl.metadata (1.4 kB)
Collecting aiohttp<4.0.0,>=3.8.0 (from edge-tts==7.2.8)
  Downloading aiohttp-3.14.3-cp312-cp312-manylinux2014_x86_64.manylinux_2_17_x86_64.manylinux_2_28_x86_64.whl.metadata (8.3 kB)
Collecting certifi>=2023.11.17 (from edge-tts==7.2.8)
  Downloading certifi-2026.7.22-py3-none-any.whl.metadata (2.5 kB)
Collecting tabulate<1.0.0,>=0.4.4 (from edge-tts==7.2.8)
  Downloading tabulate-0.10.0-py3-none-any.whl.metadata (40 kB)
Collecting typing-extensions<5.0.0,>=4.1.0 (from edge-tts==7.2.8)
  Downloading typing_extensions-4.16.0-py3-none-any.whl.metadata (3.3 kB)
Collecting aiohappyeyeballs>=2.5.0 (from aiohttp<4.0.0,>=3.8.0->edge-tts==7.2.8)
  Downloading aiohappyeyeballs-2.7.1-py3-none-any.whl.metadata (5.9 kB)
Collecting aiosignal>=1.4.0 (from aiohttp<4.0.0,>=3.8.0->edge-tts==7.2.8)
  Downloading aiosignal-1.4.0-py3-none-any.whl.metadata (3.7 kB)
Collecting attrs>=17.3.0 (from aiohttp<4.0.0,>=3.8.0->edge-tts==7.2.8)
  Downloading attrs-26.1.0-py3-none-any.whl.metadata (8.8 kB)
Collecting frozenlist>=1.1.1 (from aiohttp<4.0.0,>=3.8.0->edge-tts==7.2.8)
  Downloading frozenlist-1.8.0-cp312-cp312-manylinux1_x86_64.manylinux_2_28_x86_64.manylinux_2_5_x86_64.whl.metadata (20 kB)
Collecting multidict<7.0,>=4.5 (from aiohttp<4.0.0,>=3.8.0->edge-tts==7.2.8)
  Downloading multidict-6.7.1-cp312-cp312-manylinux2014_x86_64.manylinux_2_17_x86_64.manylinux_2_28_x86_64.whl.metadata (5.3 kB)
Collecting propcache>=0.2.0 (from aiohttp<4.0.0,>=3.8.0->edge-tts==7.2.8)
  Downloading propcache-0.5.2-cp312-cp312-manylinux2014_x86_64.manylinux_2_17_x86_64.manylinux_2_28_x86_64.whl.metadata (16 kB)
Collecting yarl<2.0,>=1.17.0 (from aiohttp<4.0.0,>=3.8.0->edge-tts==7.2.8)
  Downloading yarl-1.24.5-cp312-cp312-manylinux2014_x86_64.manylinux_2_17_x86_64.manylinux_2_28_x86_64.whl.metadata (103 kB)
Collecting idna>=2.0 (from yarl<2.0,>=1.17.0->aiohttp<4.0.0,>=3.8.0->edge-tts==7.2.8)
  Downloading idna-3.19-py3-none-any.whl.metadata (9.2 kB)
Downloading edge_tts-7.2.8-py3-none-any.whl (31 kB)
Downloading pydub-0.25.1-py2.py3-none-any.whl (32 kB)
Downloading aiohttp-3.14.3-cp312-cp312-manylinux2014_x86_64.manylinux_2_17_x86_64.manylinux_2_28_x86_64.whl (1.8 MB)
   ━━━━━━━━━━━━━━━━━━━━━━━━━━━━━━━━━━━━━━━━ 1.8/1.8 MB 161.5 MB/s  0:00:00
Downloading multidict-6.7.1-cp312-cp312-manylinux2014_x86_64.manylinux_2_17_x86_64.manylinux_2_28_x86_64.whl (256 kB)
Downloading tabulate-0.10.0-py3-none-any.whl (39 kB)
Downloading typing_extensions-4.16.0-py3-none-any.whl (45 kB)
Downloading yarl-1.24.5-cp312-cp312-manylinux2014_x86_64.manylinux_2_17_x86_64.manylinux_2_28_x86_64.whl (109 kB)
Downloading aiohappyeyeballs-2.7.1-py3-none-any.whl (15 kB)
Downloading aiosignal-1.4.0-py3-none-any.whl (7.5 kB)
Downloading attrs-26.1.0-py3-none-any.whl (67 kB)
Downloading certifi-2026.7.22-py3-none-any.whl (136 kB)
Downloading frozenlist-1.8.0-cp312-cp312-manylinux1_x86_64.manylinux_2_28_x86_64.manylinux_2_5_x86_64.whl (242 kB)
Downloading idna-3.19-py3-none-any.whl (68 kB)
Downloading propcache-0.5.2-cp312-cp312-manylinux2014_x86_64.manylinux_2_17_x86_64.manylinux_2_28_x86_64.whl (61 kB)
Installing collected packages: pydub, typing-extensions, tabulate, propcache, multidict, idna, frozenlist, certifi, attrs, aiohappyeyeballs, yarl, aiosignal, aiohttp, edge-tts

Successfully installed aiohappyeyeballs-2.7.1 aiohttp-3.14.3 aiosignal-1.4.0 attrs-26.1.0 certifi-2026.7.22 edge-tts-7.2.8 frozenlist-1.8.0 idna-3.19 multidict-6.7.1 propcache-0.5.2 pydub-0.25.1 tabulate-0.10.0 typing-extensions-4.16.0 yarl-1.24.5

apt_rc=124
pip_rc=0
